// Jest Snapshot v1, https://goo.gl/fbAQLP

exports[`LogsService get logs by task returns expected result 1`] = `
[
  {
    "correlationId": "a65f65e6-0c68-46c5-aa97-79084a662a21",
    "level": "DEBUG",
    "message": "Creating Argo client with base URL: http://argo-argo-workflows-server.argo:2746.",
    "taskId": "mean-pixel-calc",
    "taskStatus": undefined,
    "timestamp": "2022-11-22T09:30:01.285Z",
    "workflowInstanceId": "ec1c0d79-1209-4067-9ef7-d384fb5d21f6",
  },
  {
    "correlationId": "a65f65e6-0c68-46c5-aa97-79084a662a21",
    "level": "DEBUG",
    "message": "Generating Kubernetes secrets for accessing artifacts: input-dicom.",
    "taskId": "mean-pixel-calc",
    "taskStatus": undefined,
    "timestamp": "2022-11-22T09:30:01.492Z",
    "workflowInstanceId": "ec1c0d79-1209-4067-9ef7-d384fb5d21f6",
  },
]
`;
